{
    "public.imports": [
        {
            "id": 1,
            "source": "EXCEL_FILE",
            "source_title": "import.xlsx",
            "title": "Excel Import"
        }
    ]
}