{
    "public.testings_tests": [
        {
            "testing_id": 107,
            "test_id": 103
        }
    ]
}