{
    "public.testings": [
        {
            "exam_id": 103,
            "specialization_id": 108,
            "status": "DRAFT"
        }
    ]
}
