{
    "public.subjects": [
        {
            "specialization_id": 101,
            "title": "subject title"
        }
    ]
}