{
    "public.properties": [
        {
            "id": 101,
            "name": "examinationThresholdPercentage",
            "value": "value1"
        },
        {
            "id": 102,
            "name": "trainingDescription",
            "value": "value2"
        },
        {
            "id": 103,
            "name": "examinationDescription",
            "value": "Updated property value"
        },
        {
            "id": 104,
            "name": "adaptiveDescription",
            "value": "value4"
        }
    ]
}