{
    "public.specializations": [
        {
            "step_id": 102,
            "title": "Specialization title"
        }
    ]
}