{
    "public.tests": [
        {
            "id": 1,
            "status": "ACTIVE",
            "question": "Test Question",
            "comment": "Test Comment",
            "question_svg": null,
            "comment_svg": null
        }
    ]
}