{
    "public.tests": [
        {
            "id": 1,
            "question": "question text",
            "question_svg": null,
            "comment": "comment text",
            "comment_svg": null,
            "status": "ACTIVE"
        },
        {
            "id": 2,
            "question": "another test question",
            "question_svg": null,
            "comment": "one more comment for test",
            "comment_svg": null,
            "status": "DRAFT"
        }
    ]
}