{
    "public.exams": [
        {
            "title": "Exam is created"
        }
    ]
}